c:\laragon\www\hermes-executor\hermespayload\build\cmakefiles\generate.stamp
c:\laragon\www\hermes-executor\hermesui\bin\release\net9.0-windows\hermespayload.dll
c:\laragon\www\hermes-executor\hermespayload\build\hermespayload.dir\release\.d.json
c:\laragon\www\hermes-executor\hermespayload\build\hermespayload.dir\release\hermespayload.obj
c:\laragon\www\hermes-executor\hermespayload\build\hermespayload.dir\release\hermespayload.cpp.module.json
c:\laragon\www\hermes-executor\hermespayload\build\release\hermespayload.lib
c:\laragon\www\hermes-executor\hermespayload\build\release\hermespayload.exp
c:\laragon\www\hermes-executor\hermespayload\build\hermespayload.dir\release\hermespayload.tlog\cl.command.1.tlog
c:\laragon\www\hermes-executor\hermespayload\build\hermespayload.dir\release\hermespayload.tlog\cl.items.tlog
c:\laragon\www\hermes-executor\hermespayload\build\hermespayload.dir\release\hermespayload.tlog\custombuild.command.1.tlog
c:\laragon\www\hermes-executor\hermespayload\build\hermespayload.dir\release\hermespayload.tlog\custombuild.read.1.tlog
c:\laragon\www\hermes-executor\hermespayload\build\hermespayload.dir\release\hermespayload.tlog\custombuild.write.1.tlog
c:\laragon\www\hermes-executor\hermespayload\build\hermespayload.dir\release\hermespayload.tlog\hermespayload.write.1u.tlog
c:\laragon\www\hermes-executor\hermespayload\build\hermespayload.dir\release\hermespayload.tlog\link.command.1.tlog
c:\laragon\www\hermes-executor\hermespayload\build\hermespayload.dir\release\hermespayload.tlog\link.read.1.tlog
c:\laragon\www\hermes-executor\hermespayload\build\hermespayload.dir\release\hermespayload.tlog\link.secondary.1.tlog
c:\laragon\www\hermes-executor\hermespayload\build\hermespayload.dir\release\hermespayload.tlog\link.write.1.tlog
c:\laragon\www\hermes-executor\hermespayload\build\hermespayload.dir\release\hermespayload.tlog\microsoft.build.cpptasks.cl.read.1.tlog
c:\laragon\www\hermes-executor\hermespayload\build\hermespayload.dir\release\hermespayload.tlog\microsoft.build.cpptasks.cl.write.1.tlog
c:\laragon\www\hermes-executor\hermespayload\build\hermespayload.dir\release\hermespayload_md.tlog\cl.command.1.tlog
c:\laragon\www\hermes-executor\hermespayload\build\hermespayload.dir\release\hermespayload_md.tlog\microsoft.build.cpptasks.cl.read.1.tlog
c:\laragon\www\hermes-executor\hermespayload\build\hermespayload.dir\release\hermespayload_md.tlog\microsoft.build.cpptasks.cl.write.1.tlog
