c:\laragon\www\hermes-executor\hermescore\build\cmakefiles\generate.stamp
c:\laragon\www\hermes-executor\hermesui\bin\release\net9.0-windows\hermescore.dll
c:\laragon\www\hermes-executor\hermescore\build\hermescore.dir\release\.d.json
c:\laragon\www\hermes-executor\hermescore\build\hermescore.dir\release\hermescore.obj
c:\laragon\www\hermes-executor\hermescore\build\hermescore.dir\release\luauscanner.obj
c:\laragon\www\hermes-executor\hermescore\build\hermescore.dir\release\manualmapper.obj
c:\laragon\www\hermes-executor\hermescore\build\hermescore.dir\release\corescriptexecutor.obj
c:\laragon\www\hermes-executor\hermescore\build\hermescore.dir\release\hermescore.cpp.module.json
c:\laragon\www\hermes-executor\hermescore\build\hermescore.dir\release\luauscanner.cpp.module.json
c:\laragon\www\hermes-executor\hermescore\build\hermescore.dir\release\manualmapper.cpp.module.json
c:\laragon\www\hermes-executor\hermescore\build\hermescore.dir\release\corescriptexecutor.cpp.module.json
c:\laragon\www\hermes-executor\hermescore\build\release\hermescore.lib
c:\laragon\www\hermes-executor\hermescore\build\release\hermescore.exp
c:\laragon\www\hermes-executor\hermescore\build\hermescore.dir\release\hermescore.tlog\cl.command.1.tlog
c:\laragon\www\hermes-executor\hermescore\build\hermescore.dir\release\hermescore.tlog\cl.items.tlog
c:\laragon\www\hermes-executor\hermescore\build\hermescore.dir\release\hermescore.tlog\custombuild.command.1.tlog
c:\laragon\www\hermes-executor\hermescore\build\hermescore.dir\release\hermescore.tlog\custombuild.read.1.tlog
c:\laragon\www\hermes-executor\hermescore\build\hermescore.dir\release\hermescore.tlog\custombuild.write.1.tlog
c:\laragon\www\hermes-executor\hermescore\build\hermescore.dir\release\hermescore.tlog\hermescore.write.1u.tlog
c:\laragon\www\hermes-executor\hermescore\build\hermescore.dir\release\hermescore.tlog\link.command.1.tlog
c:\laragon\www\hermes-executor\hermescore\build\hermescore.dir\release\hermescore.tlog\link.read.1.tlog
c:\laragon\www\hermes-executor\hermescore\build\hermescore.dir\release\hermescore.tlog\link.secondary.1.tlog
c:\laragon\www\hermes-executor\hermescore\build\hermescore.dir\release\hermescore.tlog\link.write.1.tlog
c:\laragon\www\hermes-executor\hermescore\build\hermescore.dir\release\hermescore.tlog\microsoft.build.cpptasks.cl.read.1.tlog
c:\laragon\www\hermes-executor\hermescore\build\hermescore.dir\release\hermescore.tlog\microsoft.build.cpptasks.cl.write.1.tlog
c:\laragon\www\hermes-executor\hermescore\build\hermescore.dir\release\hermescore_md.tlog\cl.command.1.tlog
c:\laragon\www\hermes-executor\hermescore\build\hermescore.dir\release\hermescore_md.tlog\microsoft.build.cpptasks.cl.read.1.tlog
c:\laragon\www\hermes-executor\hermescore\build\hermescore.dir\release\hermescore_md.tlog\microsoft.build.cpptasks.cl.write.1.tlog
